#-----------------------------------------------------------
# Vivado v2024.1.1 (64-bit)
# SW Build 5094488 on Fri Jun 14 08:59:21 MDT 2024
# IP Build 5091682 on Fri Jun 14 16:55:04 MDT 2024
# SharedData Build 5094118 on Fri Jun 14 01:09:43 MDT 2024
# Start of session at: Sat Sep 14 19:00:32 2024
# Process ID: 23580
# Current directory: D:/Desktop/Projects/Asynchronous-Fifo/async_fifo
# Command line: vivado.exe -gui_launcher_event rodinguilauncherevent17524 D:\Desktop\Projects\Asynchronous-Fifo\async_fifo\async_fifo.xpr
# Log file: D:/Desktop/Projects/Asynchronous-Fifo/async_fifo/vivado.log
# Journal file: D:/Desktop/Projects/Asynchronous-Fifo/async_fifo\vivado.jou
# Running On        :Raghav-PC
# Platform          :Windows Server 2016 or Windows 10
# Operating System  :22631
# Processor Detail  :Intel(R) Core(TM) i7-8750H CPU @ 2.20GHz
# CPU Frequency     :2208 MHz
# CPU Physical cores:6
# CPU Logical cores :12
# Host memory       :17028 MB
# Swap memory       :13958 MB
# Total Virtual     :30986 MB
# Available Virtual :16436 MB
#-----------------------------------------------------------
start_gui
open_project D:/Desktop/Projects/Asynchronous-Fifo/async_fifo/async_fifo.xpr
update_compile_order -fileset sources_1
launch_simulation
open_wave_config D:/Desktop/Projects/Asynchronous-Fifo/async_fifo/async_fifo_behav.wcfg
source async_fifo.tcl
copy_constraints -constrset constrs_1 constrs_1_1
run 100 ns
run 100 ns
run 100 ns
restart
save_wave_config {D:/Desktop/Projects/Asynchronous-Fifo/async_fifo/async_fifo_behav.wcfg}
